0.812021252500017   -0.15305760883671526   -2.0579230899961942
-0.41994225027131016   -0.89312917079342746   0.80061033855916008
-1.3758561662844393   -0.049906941505417635   -0.14060542667548859
1.4473864945925285   1.8825910715101202   -2.8015132491392425
0.31597553902873443   0.2192583199366327   0.87888569426430863
-0.83422611910555222   -1.4549432736670198   -0.32959574481417064
1.4241276653318424   0.35303296648958593   1.4907585296091153
-0.79852362159027468   -0.93333340680445964   3.4473042804288312
-2.4934584023497131   0.70320199026507879   -0.91669188947163249
2.8999353950323048   -0.08265573473975607   -0.2995152372884391
-0.22417613972924855   -0.11355274539059934   -0.021294339489497105
0.33755087552567176   -0.27166972249181853   0.34045849166597364
0.56644198466226925   -0.24571270538231715   -0.82551604429603742
0.68527736793400074   -1.8459884601637055   0.52163071720173759
-0.88596081773051338   0.85785877280120104   -0.36462098683892608
0.93429353436846885   -1.0057409022663499   0.21561584465001893
0.87256760685838763   0.44104019234869618   -1.4095086542282864
0.95716977622106736   -0.34192735074944913   0.73576784919093807
0.13987476767129969   0.54059633316150268   1.6728277710240658
-1.1262991886613616   0.64203438244886391   -0.63557136173653106
-0.91969921955259437   -0.88481182096167288   -1.6234367912284497
-2.0743897749235796   0.36641178792895523   0.26715953407574489
0.71233322554098422   -0.50995652998597762   -2.1214457687954713
-0.16145448155235886   -1.6920409808776071   1.3701838860182836
-0.098098852835737382   2.4815151223401832   -1.5787699477960437
1.6218036152317872   2.1477780509027156   1.329324235948004
1.3589925410824044   -1.5088866376904431   0.022280116762640745
-0.83168900989138983   1.7420824497453857   -0.34993316905262972
-2.3474074565883463   -0.42644947373959852   1.2904013909339693
1.7300080555555652   3.2743975111633183   1.2562131977117419
1.8564318022669113   1.0791462862180801   1.7562441472608603
2.1550716577767304   0.11567247955035498   1.7428861810934171
-2.3701871911829819   -0.86313677455773785   -1.4344491757347644
1.1404300512984078   -1.0230905328709738   2.223487530814694
-1.3964276961027089   -0.72718193102727646   0.069497593907286159
-1.0378711017036135   0.39559593703319962   0.77875378329306244
-0.021854691374390001   0.86882685100375667   0.17127261491012291
0.33092994657552   0.55310885864168213   0.39260671187502094
2.0366306606539597   0.26437335152973418   0.81563428976538788
-0.62894117847545061   -2.6352021516478086   0.9616171677058194
-0.02203853566951075   1.1560072758816513   -0.3896024160576772
0.68632936384704912   0.94153984429201643   0.3655674541880316
-1.1803964896839325   1.1643978677036149   0.4426238549652961
1.1322749814507427   -1.4368120662532347   0.56404730307679785
-0.74765951844579792   -0.39023482429589862   1.4073916072318005
-0.30809964948574908   0.53273503218065343   -0.076914543212458497
0.49929114551193127   0.22400052118798364   -0.50859479679310482
0.95179892082852824   -0.031560033248657221   -1.4458922710600675
-0.4547780883230601   -1.202733718280502   1.0994714321133081
0.31193127253903441   -0.4209343348260397   -1.2047681989075798
-1.5013107439472151   -0.36606773170833051   -1.1602949720988762
-0.76649093745506658   1.0469081085413556   2.0992361334737364
1.2988518971799312   1.7411380168808055   1.4191007010593282
0.69188869342484693   1.5210958504310312   0.87164681128948374
-1.9834550608726909   -1.5333265237742477   -0.69564809551447837
-0.74244120123248547   -0.19128900896681067   -0.26676345385201472
-1.0234688489796917   0.69034659809123766   0.65353722344418941
-0.014501769053931746   -3.8956980112457851   -1.8358575389783582
-0.14220412591803289   0.5704341196461904   1.2430626327448735
-1.5345013203411639   0.35011994383449263   1.129986144122519
-0.7640677154512332   0.51963136971178159   -0.72616576555017964
0.38901360761478543   -1.4796865481703225   -0.26749546359883247
-2.0012639089642681   -2.4761831663417944   -1.6902276647175474
0.40193302444357926   1.4153426869656371   -0.75829147513972739
-1.0929742151569721   0.93562017789583507   -1.5848243850755672
-0.74119820536611147   -1.9952563128783352   -0.31794431779700716
-1.4982007806518816   -0.36995647209348004   -0.47304783011539731
-1.2924524814308391   0.080667328727024312   0.11879252405533336
-1.5536993428568735   1.8787673139244454   -0.073833071694506813
-1.3109307137084691   0.29958134419638682   -0.56331104066420501
0.54605032339827275   1.9272496050821708   0.95224453581588264
0.33903290710823875   -0.85987356703443041   1.2267717776297538
1.0127973732618756   -1.6256692443938903   -0.073270124465230069
0.56858130556358688   -0.5055886504234941   -0.27117707163040738
0.37837618080938107   0.82378031994101431   0.63713255859765283
1.3279120919913456   -0.35338403523987871   -1.1615947200140919
0.4543254016683429   0.011571098703089255   0.71023484837207107
0.59526052982805666   1.3454423037331797   1.0261361717432971
-0.94497491989287141   2.8868523620717568   -0.27597484186470123
1.8328556994804401   0.93266736742181333   -2.1360146751310261
0.84857305002228323   0.32115720081105081   0.024609493116445336
1.2383282365564519   -2.4885019381568618   -0.83080795274437236
0.67620497975917626   -1.3535753571880527   -1.0043549309032631
-4.0901567021446867   0.99305474621780299   -0.92079538559231011
0.88817570612542696   -0.78517234513686418   -1.4210798971048821
-1.1729765299239858   -0.77838597286761235   0.37255418075865521
-2.4174536561212268   1.3003042258814546   -1.1325360309277777
0.87605621831166047   0.85707444426502688   -0.15228330680105984
0.72672828297193348   -0.70733162743863431   2.8893975448931464
2.3451102143017266   -0.11756329294820844   -0.75027375932368301
-0.028872595090767561   -0.15842237765539835   -0.4644847938908292
1.4388108918181874   2.4676405014942837   0.53121743533157684
-2.4501380767487646   0.71821549644934812   -0.20762103617477656
0.069510814516338115   0.15224882909647963   1.0001930245273627
1.2302016068170829   -1.9863868185772127   -1.7604201077527915
-0.66828107420136007   -1.3484181001527928   0.49335608860978653
-0.4747880739821575   1.4386872915719273   0.61737218891000367
-0.55769831676477644   -0.40540611225936551   1.1073551869684728
0.80116659632611942   0.96481627022226846   0.25516264026315127
1.0200371208479719   -0.46896576996191541   -0.51408235183303397
0.68824772015102509   0.84042602190192994   -0.7055980748233992
-0.33148413007166866   -2.6845221838347477   -2.2179495335277188
0.88373986467749077   -1.6206989267375516   1.0651497418223688
2.2693212529509843   -0.79184037642909821   0.74700734782107148
-1.2950113505580951   -1.7832800313262176   -1.5837532569743518
1.1293431212382465   2.9536840562812694   -1.8310823307565727
0.77692925502037546   -0.96983183764898229   1.3036804886565889
-0.50581102963653812   0.31320391759437349   -0.56043861486765323
