-0.96796908352470012 -2.2097818091926236 0.76376127849497877
0.90884491915868559 -1.2746728221224579 -0.65819228327324009
-0.75669031721803393 -1.7620518893082249 0.80186513978608431
0.56211603791378462 1.0019842768012599 0.44908176257951737
-0.78385948617798462 0.16129108519469249 -1.1736460455500364
0.061346103291226584 1.4610826288179446 0.99979914039729356
1.0223162322540169 -0.43865751738958458 -1.9321573752886789
-1.1283269156288078 -0.036331114899867956 2.9868574752920374
0.73686013987150911 -2.1033155515858826 1.3088965760879034
0.68983267899347389 0.69688603611162137 0.56968995514650178
-0.37048788842042324 0.82896320200473439 1.1576462398168452
1.2849573497875078 -1.2770551802079311 0.50981876769551349
0.27962889846300243 0.42473624060246351 -0.53698764649945385
1.2349407452201255 0.086822251781189935 0.78933788811141881
0.25457017705265983 0.13490499623580732 1.6411664425143302
-0.025501606664590781 1.0721354620961687 -0.24338272563140251
-1.2450867400466414 -0.79459350158805897 -0.28891051944002211
-0.11828531845958778 -0.76723579536042141 -0.59920557494708149
-0.50575520706486188 -0.64668914032961489 -0.75499154594482754
0.28132357200061353 -1.3006577199352956 -0.087668804324980698
-2.0895777652791825 -0.24523609484061737 -0.094896859720416948
-0.54214951774855802 0.85046055167525836 0.99912575248684021
1.0193422822388776 1.3870043237855789 1.1574291689179783
1.231740705413209 -0.038048005567503651 0.6111123024254983
1.8695664345950158 0.43025156426867994 0.9202723160801618
-1.0814296573675719 -0.17797111536599353 1.7183736007315709
0.63393660831234655 -0.98308087993193016 1.4756278558045732
0.78420496646569582 0.4085653340303308 1.4000647626429275
-0.73821388838424262 -0.59812180530238734 1.1384302915811162
-0.2916669108561365 0.54554784419380553 -2.9941766175180518
-0.21203448411150072 -0.49420055427995546 -0.7638599093088283
0.23574098499656859 1.3113845599916907 -1.165057489201704
-0.76541361946613762 0.87720071821051349 -0.42989507615676104
1.8356730134980737 -0.56849387780966154 -0.7614866296683509
0.56012166147167974 -0.4339159734210174 0.47241179229828845
2.3944106169778712 2.0669340326674446 -1.1514866139021862
-0.16050498580191808 -0.81852095211554232 -0.10065933327441101
-0.22830482998165147 0.12170510891662545 0.58670265430438295
1.3427506565737435 -0.062801386753241761 -1.7771826340970964
0.32034917675227703 0.90172693982559782 1.3397618312342985
-0.51938880271873433 0.74905125971158615 0.29349495108488277
-0.1248659240280503 0.19506266677504769 1.2553025056589728
-0.4942422514995215 0.36580386785445285 -1.5691292111905675
-2.1982517109884192 1.05149016964734 0.28826938935511137
0.1415837602456449 0.59570467923641957 0.42249301400060224
-1.7364762008356127 -1.4436112164536996 3.2528066141623846
1.3880295041955315 -0.41059818608069065 0.26299714427269194
0.57492483166665664 -1.2932589394034633 -0.82391405006410068
-1.4046823233120342 1.709778115098981 -0.12677289179033324
0.40984590209094951 1.0497441140047137 0.98995967397136342
-0.74112497450751214 0.85103361985305881 -0.64650836896440467
1.4082337552869251 -0.18761724715021799 0.89607968783633751
0.66273032216468408 0.84502258137097996 -0.57662133034996899
0.68092846916079086 0.32680348394042991 0.63754516666225669
0.17864643117848633 0.14929915057254606 -2.2738860603004341
1.7690078528462827 -1.7963163784529002 -0.31137265245417822
1.1053051690135263 -1.4157724845249575 -0.68351477840167263
-0.98460097786956524 -0.90768400437779562 -0.29737278845165527
-0.89073037543485611 1.10962562747563 -0.48524720233886209
1.2625563514163662 0.9378056901581111 -0.84799141137104073
-1.0176689436178776 -0.17878139026628048 -0.30219426072719546
0.67560524400067656 0.48051963133821651 0.59614257108631108
0.52755500798307153 0.073944428256922379 1.7422053841089635
-0.51518520293925008 -0.95962488467693507 0.16250599333256233
-2.7521985635928226 0.14779407098219899 1.7127406897694541
1.3580575265398354 0.40661026222421626 -0.065260922029145019
-0.93300158999076732 2.999130918525772 -0.76588177568609472
-0.66287939362652537 -0.20692148951950706 0.55911830479127289
2.3877198858822668 -0.4538541716674338 0.78165481446612617
-1.8457433749354824 0.89388668672962801 -0.089365382963890738
1.0346555758715681 -0.29019341174363333 -0.4251046527172786
0.79062495293213964 2.7057373514984828 1.6534548739972621
1.0601358738945854 1.0623047172209632 0.10170183975710678
0.51171128226523699 -1.3910541956294598 -1.4493722737214387
0.93117200897765984 -1.7175573000058897 0.98115144054361503
-0.72487660078390803 -0.0096074559561287742 0.27374495437726409
-0.33675834201574162 -0.29426462920101315 -0.37544954052259882
-1.4520095563983482 -0.045313527842427703 -1.599008788142342
0.41082741693521108 -1.7819427846531011 -0.2008673368329994
0.78979621384611676 -0.38321442807354167 -0.79760448833809949
0.086597644570307608 -2.0448587896675363 -1.7151340075036714
-1.2455046925801128 -0.44347862003979444 0.10713795007788462
-0.4650904548761936 -0.48531141212049267 -0.31969785265006934
0.57334591553148684 -0.43760695098171709 -1.4243619555842635
-0.49306011702365815 -2.1086004637222988 -3.305360987220507
-0.76759588602959283 -1.3204885967894597 -0.70420391607450838
0.63035840511216357 1.6885860720843304 0.85166390523450097
-0.34059005260278497 1.8302563177088338 0.48148685628812693
-2.7050354051356695 -0.65512659734556777 -0.44487388430580754
-0.064395310088061208 -0.88845378171020783 -1.0827935935019406
0.13457881276623951 2.5370406027453996 -1.8176175309330134
0.37416515242405524 0.49941624731331125 0.2796242489331302
1.9928439744371362 1.6172965303735687 -0.43991687488609266
-0.97321241767556188 0.82513803827399812 0.13410290545223802
-0.63100483036448995 -1.2397399971153522 -0.62032257249144962
-1.3674931633280707 0.37390930071357076 2.2991455436940367
0.43321607015078811 -0.95919908698993694 -0.088877904829587351
-1.772296465465395 -0.51475580367477125 -0.076091418451440518
0.87767432304530768 -2.8101613913382728 1.8291511501518087
-1.2307116291254694 -0.65298330389040871 -0.050189699764224827
2.1897221368785136 2.0286065331773795 -0.37823886021159936
-0.55207231318665784 1.756538170949451 -2.5898863337311395
0.56773046991231979 1.5713705991398097 0.50352706483103304
0.21140857841572824 -1.1603612657919982 0.25007594803549971
0.36223933164336586 -0.6850673379444755 0.74886400104534623
-1.6581023122392846 -0.51302406346526164 -0.85751460789973422
-0.0693277016829974 -0.39683602491047409 -0.78162302923789895
-2.3566720317003131 1.31077563804749 -1.2223927018299996
