0.31093992965419703 -1.8850615273731108 1.6260805352357188
-2.4469234361034209 -0.53769215487986521 0.10336511826203321
1.9175791572298984 0.77153175327548951 1.543426071348275
4.6556107408278198 -0.033460839591548108 0.5493832638465701
-1.626633755134721 0.857536385913793 0.63254797639822335
1.8794838075011366 -0.68892337272585813 -0.78949696656316348
0.053179312265672074 -0.26337763326123032 -1.7398272249882218
-2.0528841272595688 1.8352125504508265 2.1432764460320719
-0.75600258712760215 -2.2162234270419745 1.4912240726665527
1.9529919176681787 -2.0098215090005311 -2.1471494741223118
-1.9561250549786635 1.5608095904657837 -1.8008132512422614
0.8724808580882204 0.93078799682722035 -1.1415483224910261
0.42008097006851486 0.94599149675533845 3.1867495430366599
3.6847240711335161 -1.236260791362076 -1.8911099302598711
0.72979625236352375 -1.1934254408330069 1.7614980207663056
-3.6303506414860909 3.6056187034422815 1.7713985594349779
-2.2454022433804344 -1.8357777037913969 0.77248221616699198
-1.2416264072583338 -1.2874324281804821 -1.2683175492278487
-2.8067950365182615 0.076574937182494196 0.20943761030645103
-2.0302240070955158 0.5647800373976275 -0.38652273493910982
-2.4131918727450241 -3.2039204560472543 -2.0960526171367455
-1.5397976392259594 0.44264438798968797 3.4978444243964901
-2.4317910657738473 0.79275288891866857 -2.2714861826327315
-1.5911358793476715 1.0479586057874357 -0.30731523290050689
-3.6252508666719807 -0.15133699174407766 -0.81300046396259873
1.5220205616115479 -0.50548262454119808 1.802102304395703
-0.1707092674883004 1.5712643078835686 2.5343237864424717
-0.63295144794350833 -1.0952354473561243 -0.14552755660179884
0.68740860664195935 -1.119172462893836 5.3009118570797042
-1.6408949131041517 -0.67848226606148643 -3.2110222899768281
3.8185160996713208 -0.58665410378599958 -2.5138733579705974
-2.4707150165204084 1.7261448665797374 -0.49102239163179018
-3.1712274638509008 -0.94158169639241285 -3.0381821950342669
-1.8580742614724421 1.3221039777779886 2.018814652050116
2.2555547612408411 2.6786048392999362 -1.514404273469161
-1.7857424578133774 0.86270040853572705 -3.0524827914135688
-0.097463402647379738 -0.70731873971974224 0.68070299338529594
1.6638064875355574 -1.6875277002706968 -1.7646626883740524
1.0406675799454757 1.8245154504317185 -2.1348434209729206
0.16079395129731111 -0.65381822071408635 1.8442644907628036
2.5355473970023468 -1.569836153837878 2.3047360382028592
-1.493298733615811 1.7996114723543981 1.8328624148646888
2.8597059331589847 1.0966022355809457 1.0812111572972016
2.1154452017912995 -1.0335537660732808 -0.087264585599981792
1.1490046607531834 -0.13389191352342067 0.36947710962831337
0.73548950505664124 -2.7884323067484118 -2.3424283925012612
3.2720820532348149 -0.17697335714061957 -2.8190926541620809
4.3412988500559635 -2.1226848649229524 1.2563393366735731
0.56126925475785683 -0.4105253172790313 -1.9208567181130398
-1.2547356797367737 3.6761640372980628 2.6249613882047829
-1.0251058920233147 -0.017603432668655827 -1.1629598936617747
2.526539542364592 1.3239595095826395 3.0162704313174693
-0.89145777879107158 -4.0941495350215185 -0.24706736896806802
0.85324802253516907 0.025368388973046052 0.2499596828735573
-1.581217540571167 -1.7326799460809506 0.047206778344133227
3.1577414677426141 1.4497025493611648 -0.39173659051072729
2.0628091700960471 -2.0102663367316254 1.2765649220143338
2.6285151027076736 3.205655538321972 -0.33276832126938327
-2.0512361869993168 -0.77251672230496671 3.212379581573499
1.446232221356869 -0.99320096019317461 -0.3326938847534322
3.2371124496428649 2.405449278408911 -2.5829918384725481
-1.8819896389596913 0.68927487464764958 -1.2636175586901999
2.6108837372522675 1.4525780588150461 0.017971208745137801
-2.3918237446121093 -4.2981383963718311 -2.2212414933870939
-4.3420402930760549 1.0512645133342602 -2.2562228272153817
-0.95224979813238186 -0.082945354379623804 -0.79713318415652878
3.9708334880235174 1.4691867818947824 2.2416789618260324
-1.0258685010272259 -0.2859412106818171 -1.5547087479474975
1.0361086769923311 -1.6885525687344582 -0.70147337113102282
-1.1646016665147751 -0.5682795366093174 1.5733593190332407
1.1376139854475387 0.40024387752235491 -0.18936837084865266
1.7375270187194314 0.99276005689441504 -1.4577995503519681
-0.54067807820046276 1.3931474161847923 4.9588104818771743
1.8303807616028012 -4.2565166712644764 2.3442772488162511
-0.80257798226579524 4.5500071209952919 -0.85092116908924709
-1.6691512882129889 -0.092236951373392273 2.0881377643462429
-3.024057360618837 -0.29215364571169578 0.031925982854064117
-3.3671438525932906 -4.1949459485870477 -1.3187208914440252
-0.83864302100122856 0.6028009578935567 -2.7012551568708076
-2.937560298593378 0.24956463492742387 -0.3690084166500171
1.7714304071769771 -1.1314431841019656 -1.9523168719531858
-2.9002874612387153 0.2706967441082897 -0.55900018305032884
-0.81610759237360497 1.7000975434671162 -1.2287012963683175
1.769735350233812 1.4824652598430799 2.3627019087846257
-2.118963682974484 -0.95242590598293431 1.1003294564031485
3.50979165234655 -0.53916145616339506 -1.2790773855406723
-1.1432078257365141 0.15655667000835649 0.34074855312038466
1.0423286614942295 1.8824548985367784 2.7764383558638306
0.64287975559040866 1.0965083797787045 -0.88005642677102536
-2.7853398851971356 0.11198117735711222 -0.61792507834068644
2.0932380162177466 0.16639261629380897 -1.7066762497823795
-1.7401314013083535 1.8275283484343596 -0.98039655578741058
2.8924590724082044 0.3157704444149978 1.9114067238166221
0.33016021834164633 0.73302647965944878 4.1795241902220504
0.2944377655469399 -0.26381182969525963 -3.9454176595524748
-1.9343419905666348 -2.6612079231020935 3.2546134907709412
0.69512298526896998 1.4413078836437165 0.49481725972100321
-0.85280480839511341 0.66610385775645042 -0.0026759949767196645
-1.2091026193398191 0.076117240472184378 -2.27294929127142
-0.32518599972286566 -0.75373984661025739 2.2211582415350151
-4.3860437202050129 0.37400489022143546 0.71567751853551798
-0.45273418799718357 0.82933804972951108 0.58182500533421333
0.58741797854211519 0.3751524634548753 0.039174208964265489
1.6730438920560253 -2.0066510613666599 0.94719805505394383
1.9436034391475676 0.26597486776402945 -1.1269545662644376
3.1878382765631041 1.5429080697720865 -3.6246374249955249
1.9271989055211769 -0.88854489622036681 -1.4843701953863864
0.32989142003092553 0.76573816453651133 -0.84242963664538095
