0.28299219212790661 -1.7067245197108782 0.85701916371849762
1.1482822710493501 -0.48536643868501983 0.12829067467645672
1.3706415233583069 -0.84787776360495393 1.2104048935086542
-0.39989119415739793 -0.27559357800566175 -1.1931938306459777
1.0895189063284683 2.0091132850348359 1.319324316385817
-0.59347328830527957 0.45916335000961706 -1.1758689322323157
-0.51060416929860075 -1.0669206167375211 -0.619293876102045
-0.88736392852295509 -1.4762009400119958 -1.5341401478033978
-1.4723964239733434 -0.95100798739489179 -0.956888547037682
-0.95515713180516215 1.3558497816111847 0.21582725893765087
-0.21955561929054568 -0.95633193004740491 -0.20636398150464252
0.43756193551169886 0.63758195719065824 -0.75088422604439875
0.53533986840204051 0.24649677964161398 -1.1200322607176627
0.46322900415285417 0.81622652760793279 -0.83167730080035973
-1.1712302457529411 -0.69607136452565221 -1.4198747252089916
-1.2961499309209756 0.80772064555367784 0.89400533871908383
0.4705011209036325 0.48640570075728085 -1.2702543272440359
-0.5806521341652493 -1.2441904120920471 -3.1424924542684529
-0.50359176412850815 1.2529778993726204 -0.51003093875720551
-2.1394411619639619 2.0309602283024031 1.1128700702731642
0.78285588421567187 0.69641759969263362 -1.6065513889937932
0.36308791891359604 0.35981306844123928 -1.38760837847407
-0.57699363390950609 0.2525616198139069 1.4422525950792755
-0.82192492964128228 1.4120121248644146 0.35428493264566541
0.82251008351269528 0.906626870505578 -0.74591288413217161
-0.78078308346318792 2.0047946346140044 1.2730166462398551
-0.72160893846517915 -0.055861111842192557 -0.56251967598468577
-0.055026739616215181 1.2303534273532257 0.17978915839911291
-0.43268576141153314 0.35568704737931611 -1.14839291994695
-1.1096961577972131 0.0077054732104953061 -1.7535606183103347
-0.90768098532412189 0.22302777296712151 -0.39596954543019702
1.2314885780617679 -1.6391471061965035 -0.3508686427587393
-0.6871733185043194 0.55321428011101403 -0.22329510770280336
1.9178499645595704 1.0765626556905605 -0.48248744901341345
-1.0207542051776097 -0.75598936029308561 -0.98713591503840625
1.3002860103110692 1.2336058890367596 1.4627301496124012
-0.88125576918529624 -2.4922751867682003 0.84247486870880905
-1.8698961288929894 0.31438695743180034 -0.063492036359469317
-1.9494832354576275 -0.12278683598587747 -1.520994716924795
2.2544671474769018 -0.056731706420176664 -1.4665076715292269
0.59805052152727545 -1.8432724866617178 -0.60808856180250004
0.028279441524281523 -0.53284771336681303 0.94245124432520977
-0.45880054675739856 -2.5594041536167733 0.72150364375678233
2.0987654730189043 -1.0875255316835641 0.48202087477955402
-0.44151755040955365 -0.87413913019940281 0.5330565485398564
0.92238312240766618 1.4619346730802008 1.0751551400491888
0.16849864300960693 0.041879607131090069 -0.15922172062277085
0.079753239552629585 -1.7320533107043623 0.50947415083113512
-0.010864004561739193 -0.79200050048866544 -0.57675522001754409
-0.84664652567245646 -1.10671422658426 0.94035334918385338
0.089344012023540031 -1.2696087540173817 -1.064818154525915
2.3940059017291127 0.32583968180244227 1.4669329747765136
-0.58108885880203687 0.22082567812420351 0.7519505721630404
-1.3843353194213925 1.1223409092511183 -0.078506953514523303
-1.0302012121279347 -0.73863841503207794 -1.1290490942279519
-1.6427451861265041 -0.26442683363292474 -0.15477240622852051
0.23671026315597032 0.12007728780183413 0.15072649719982678
-0.040811021511100165 -0.34544917744350201 0.37595183403449361
1.3972957594416968 -0.58335970360179346 1.7751346505261445
-1.0147121533707892 1.6650446552103348 -0.077541454177154634
-1.7188493754427547 -0.70582175343214537 0.65763735308199678
1.4173358915501311 0.7423402950796909 -0.62661524024854032
-0.12848777671226053 1.6737616730519989 2.2774936193118087
2.291797858263056 0.38100158479015267 -1.8166593847597432
1.3624946430125517 0.4577110758423597 -1.7048236696801666
1.8409048677567874 2.0162510022370128 0.1198789092655278
0.64678359233272253 0.54806861958800468 -1.8479775133122267
0.69550682807517639 1.6679372630856726 -0.22727069027994595
-0.10187856314947119 1.1954733916863525 1.9877138188522103
3.0728586449126905 -0.99899097325306663 0.16746905315501159
-0.30107478485680295 0.54332925896627415 -0.73430930833673358
0.16083894333451809 -0.99048915546839922 1.1918363312115599
-1.2457143501911627 -2.7247128123917275 1.3136728635236294
-1.8297575468970706 -0.10404961244625532 -0.33984770916761775
1.15821906651567 -2.1071203434301911 1.836670654184358
2.4895927369996684 0.40498841735911451 1.3942833943167976
-1.3663478210384494 -0.77678786516344189 -1.0336259752463661
1.0662599226702874 -0.13278398713301165 0.11263343347861499
0.20190178689238891 1.0810542563275405 2.1880223575123647
0.25747653415986171 0.36286417116171421 -0.49139978737144929
-0.47972805905038829 -1.0496483217434793 0.59716568722967267
-0.084971738235406491 -1.400921966955071 -0.53915373923940635
0.63879657344911855 0.27309431591504563 1.1265028215068362
0.31135321860725762 0.1013631705335527 1.2434120897335532
-1.2215769066599158 -0.38453980768360374 -1.2701201840012999
0.19252618523635245 0.026735208857653348 -0.44014227292299424
0.30628190584003345 -1.952087264205371 0.57734807177611813
-0.31832326299618963 -1.0718651732370965 1.7030429039786021
1.669140773208122 0.26166191677423623 0.15562297670035363
0.31881130388411449 1.8615724194833705 -2.9028831820174794
0.35348653267577856 -0.48927640916751614 0.49358518523456851
1.5533186404019794 2.9277090535438921 -0.52969371621469641
-0.0088749158158041297 -1.3300847540298477 2.7260652959082421
-0.49021629939238753 0.96822218445946628 -1.2204690386106165
-0.69998067249255058 0.82220870925042711 -1.9409453647829533
0.19075429461778981 0.77150573298023772 -0.88449547296851061
-1.5869297544486294 0.72415064135755713 1.0495684255109605
-1.2670731695856308 -0.61747385933585974 2.21758719630194
-2.1171907088537445 2.280999394967953 -1.6326281332568193
-2.587895249042127 -0.62300867408993099 0.05094727652166231
1.1693383199917751 -1.4309897904936086 0.29736089959964129
0.18651081034937178 -0.25363575597259214 -0.72687466668484857
1.9285115809317688 -0.37561545849584821 2.3500730780743329
0.040710050195569281 -0.46384439458169169 2.3711713822711089
2.3776006752546097 0.19702441093616407 -0.81900276522817173
-2.9293533655554427 -0.73040098462706649 1.3207869888851587
1.1742883940906168 -0.21542160665921628 1.8439215650041252
-1.076682783097362 1.5098512826234867 -1.3844913007785564
