-0.22611291853769089 0.59494092531009457 -0.43627941207846632
-1.5087347202062951 0.056866113367526339 0.78287334432014521
-0.34710156544592863 0.22425310631424278 0.54980869735166138
-0.16966553004915674 3.6154263651555496 1.2520153674788759
0.69050733892783711 0.76482369329289313 -0.97488225639774662
0.80207890154204708 -1.3506361765429631 0.41415243602527241
0.072333924605372246 0.7601426286141244 -0.47287654162875281
0.1889978578251128 0.32950462353786847 2.5364140770305355
-0.75297541568541959 0.4592731482353507 0.62370220889462757
2.2608912827317695 -2.9177791266361552 -0.47541302966047638
-2.2795044827041977 0.2467220890314259 2.671170365013964
-0.68921401682020544 -0.73346260689155507 -0.1088922600414044
-1.1677552132657865 0.81775627348479318 1.8728796989697649
-0.50017757753284542 -0.78051564242764826 0.63718255291730919
0.6933118348833589 -0.36875082316378816 -2.5866168128255707
-0.74889690865642677 -0.10420704340674547 -1.3752646475122532
0.0041037175546598803 -4.327055893050602 1.5197196544760594
0.442582410833392 -0.71781263962988895 1.0505718864646241
0.076940377892409373 -0.20439316709985889 -0.15268680557922742
-0.29180441294673898 -0.0066242578813380248 0.045313654791989677
-1.2271326427160112 -0.5654515631803303 -0.22591155852813571
0.35790876107189007 0.040926385949213717 -0.64344534808258302
1.6248993841592174 1.033111967733813 0.88514246591531176
2.4601953579203029 -1.5418803502202927 2.0528396509587044
-0.26675774613504899 2.0666373689790518 -0.16282119140509366
0.13503921041690958 2.1573571575186494 -0.62575340370252253
-0.5226334508686703 -1.0888774197450601 -0.87003542129249212
-0.59908467393077203 -0.89156623956920811 -1.6551898161674128
-0.31952551671121654 1.0798205479196632 -1.8220977783256487
-0.61779012064056005 0.55945776127619418 -1.4118438906667308
-0.19084311248818153 -0.62792847801995677 -1.0759070294752426
-2.6830446696066712 1.2649270344412544 0.50518535483434768
-1.0169691083694588 3.1130376976999941 -0.88709402543107885
-0.21380358038003422 0.24764418981337855 -0.30563731982402587
-1.4767134676366145 -0.7373545063714404 -1.8089524978076588
1.4964695325849764 0.86798754369210585 -3.3837738901221215
-0.86930417940100924 1.2003399665195813 -1.1972815654652802
0.87818361008218382 -0.69780249272133332 -2.3917809527995715
-0.71585312922639588 -0.65609433187718835 -2.1777851098860879
-0.68552061834692424 -0.73574643762941427 -0.018573641449970424
-0.81650258996457392 0.61082552449187588 1.66124431430692
0.11333429851800858 1.5507171122122188 -0.388039529716111
0.91261072323423065 -0.3887245935689787 -0.42977608385186272
-0.44716795456722913 -0.75820225523060003 -0.094894730275463246
-0.75916669949283033 2.2511753718545968 -2.1885947632571678
0.29872721207935271 0.45276210934375172 0.92036673135220681
0.16358066338328925 -1.7768914715290407 1.7498456446645716
1.8001499461488824 0.11456700298184685 -1.2869748811628057
0.63508149444779782 0.3778623553556959 2.3318024398588655
0.88344739800594319 1.2533902572847144 -0.063722729109705334
-0.24097445727899736 -0.4483187819064316 -1.6434268181164668
0.056102208781605434 -1.1033705237033509 1.8012968631144766
-0.0039987521733841902 0.60397572695070068 -1.4136128679920756
-0.52154210156674097 -0.20034071356223038 0.07297162246655553
-1.2262829438062228 1.0010081927003256 1.6939878238304562
0.096008990936313765 -0.53503642877039681 -0.65243057912223179
-0.24169259775730367 -0.53164422090601349 0.69494323318275431
-0.850455021576213 0.82328000565423665 -0.28060275610852781
0.17249009792302816 -0.29677559508423101 -1.7287840778861807
1.0135880154598098 -0.66602962496187246 0.74136295633309146
-0.64076789020361957 -0.36713038492242056 0.74143906571701168
-0.42107330683816002 0.49157645465003341 1.3285886199254637
0.45631928073786021 1.3165588361241376 -0.92914206530836374
0.081415500526649254 -2.7235960112471647 -1.6041834291125046
0.030049467000692331 1.1979027283604005 0.10379473201105327
0.74658705491081889 0.20074792876134673 0.45516967073611081
-0.83710951265367206 -1.151698090608555 -1.1031237755787515
1.4579566071684091 -1.7090633083460816 1.285045000994911
1.4668812506628548 -2.4038640421135682 -0.22630626666764186
1.5754459600265669 1.6488030536612186 -0.70309631565179664
0.38297193570624444 -0.51807767073563937 -0.32815308424893885
-0.6978258904286605 1.7168538547585044 -0.4051339290735978
0.7492966376949628 -0.092399440848822678 0.88145305054809775
0.89403332586091011 -0.36516545432518921 0.99101597953143994
2.0122170329976985 -0.21237356050751721 0.68389736794916001
0.46209422316279003 -2.7256768426489608 -0.82650143538898213
-1.5375316905781311 1.215270318038808 -0.064996248649584754
-1.1672274461063115 -0.56827319067798143 0.47676131349150275
0.343020819171036 1.8899856588028285 1.8533117001354737
2.1999362033555681 -1.4968965853581206 -0.5171388232168006
-0.18524564656852149 0.34744448301360364 0.70746333749838186
0.7578733981761232 -1.6019858674760634 -0.35041812484148949
-0.074342509363223286 -0.084573126866827053 -0.51783238338254378
1.5811851577249429 -0.17092016147279843 0.99879044820339047
-1.8881872572953373 0.90033903795760928 0.0061496802781224602
-0.64297968515247828 1.137156323206101 -0.81575013833745658
0.079460700162403697 1.0985871477895426 0.95075865670796178
0.31706580689383479 0.19732780323211685 -0.109590780128066
-1.0282790780669071 -0.31382334144525181 0.039349117552323065
-0.61355731099155264 0.82442889754874571 2.432430369912697
0.45513247957629233 1.2489162721220914 0.60302385769883671
-0.27996910927399754 0.13606547061106866 0.087732923209404845
0.53752248791028023 2.0645486622482556 -0.34502140630898737
1.9939086780860205 1.285262713908164 0.14488630171527461
-0.497359033394984 0.63307975556003981 -0.020015170501319623
0.068697522840110992 -1.1917381287043227 -1.0620017726247488
-1.0571147340510123 -1.0814449965708128 3.0535502031190376
0.96758744692149179 -0.9736065514469594 0.22231762921354203
0.55410727812205129 -0.36690835268404776 -0.10235813408265848
-0.49530298651101479 -0.1863716093819523 -0.57580955997862948
-1.7513806851687796 -1.1891531261816191 0.17807935699154509
0.5282956834089525 -0.66148598558823934 1.6582427241604858
-1.3819785982577895 -0.089668220889516093 -0.59442223230044
0.88335445941849222 -0.62443658876087937 0.78543438785193265
1.6620718508260079 0.029843509680826941 -0.18756076088344287
0.38180872628257312 0.075356637277090854 -0.24758920624234904
-1.7598704888026617 -1.3421221991061216 -1.3486926120447329
0.19594322842975131 -0.22484955005452889 0.66701513728872897
