-1.6168798224587277 1.0812376740105822 -1.0772404437229266
1.2664233688011173 0.47414868881068273 -1.7152554231601447
-3.502195037841549 1.2603001571260819 1.8254245430693317
-1.6013800033647385 -0.41370015820652029 0.26264008180643117
-0.34930247843378837 -1.5093518459142474 0.20076585952000237
0.37458156173597601 -0.12379637880233219 0.34242476762536
0.21550589442623225 -2.6527501692519273 0.22868085184524212
-1.8040135384077907 -2.0880345256858446 -1.2050504176883692
-0.23897969543290598 1.9894292820841208 0.072087527221320613
0.567614044669984 0.050794135646903271 -4.4319309289602149
-0.61335564665704334 -1.3685105435841116 -1.766381942728934
1.0139125790837866 0.76683121332798976 -1.7131075888392466
0.99866778918855648 -1.5426764765105183 1.1728706138645073
-1.1950286987296721 2.6362908034889276 -1.5758816535638154
1.4743249483101517 0.31294619954946867 4.0961615804988583
-0.39104587006022484 0.18576422862085981 -2.0472221156770942
-0.71887729379782606 -2.9124682576586736 -1.0461802681414056
-0.95099865945658113 0.10427275746004855 1.0464877800364647
0.039003448503271976 -3.4969202114050191 0.21329956686511053
-2.561841186819569 1.7729561030927106 -0.63525932170271915
0.65875774126106235 2.5355661589809841 1.4169041181024689
0.42546593220427198 -2.6390449735990695 0.73433738552575178
-2.950070395345783 -0.46885802590956871 2.538988709198442
-0.12994964679687027 0.20474628599287392 1.4065611956324275
0.5216865832637918 -3.6525742791746474 0.26950552987409226
-1.5078019969144707 -0.60622067383686584 0.3603766525539509
1.7935937135642455 1.6010368615555493 -0.60262923516307687
0.020285587375212799 1.9785269061212141 1.4149868560158207
3.6978464348530471 3.6718855382180671 -2.2356035158503929
-0.010358906085805586 -0.40830598812924279 1.8016812073931021
2.3716926506356373 -0.83456182533647727 -0.020610875259841066
0.64498680418934029 -0.87870509418364051 1.1777226725659951
-1.3598812016428763 -1.6329589865107796 -0.027358914324260297
-0.4494536666383997 -1.7203803817990027 1.3698726743684997
3.4206456572354327 -0.18571964512581474 2.8116755105514479
0.67055427369488996 0.43930261267099979 -3.8737567784554727
-3.504936652619195 -1.6219634416101414 -3.8657369121657403
1.0404668696204489 -0.47150470815626733 -2.2907051091038966
1.8801888634771835 -3.9337173883202681 2.2637157776559391
-2.7006308204633456 1.2789568311486477 -4.0256611085357221
0.78975437005457394 4.3275226548011858 -1.0791806582594321
-1.2156708279067452 0.55858893961213685 0.97411884860076903
-4.1359922915354117 -1.4801451945500865 -0.38826944760850246
1.5419094250330723 -3.024731303457262 1.9816859704122614
0.15987457206723121 -0.026156427818335715 3.3113882746831358
1.2497400434789974 -4.2868783287590695 1.533761475912887
-3.5771826894941405 2.2962858185906487 0.58701727441845541
-0.99763739959324305 -0.097782967533266429 0.9814235224332446
-0.94309106120898933 2.5192247580991811 0.47745017293321368
-0.31073110550650096 0.26736141412087022 -2.6647872569915965
1.4370619085628533 2.4631534872074923 0.43187897558660815
1.0761395255558526 -1.1729929517878961 -1.9732094607658457
-1.0520521651425918 -2.3528582527818642 3.0789622314104648
-2.5633925957951331 2.0974056767655291 0.70317247636741964
1.5489374904227304 -0.88494546591366685 -0.760539554607087
-1.7245102824194891 -0.47614809265039693 3.7436442116529633
4.396459497769345 0.48718162327343606 -0.081934088882018585
-2.6686857639546258 -2.8278657814174122 -0.54863136363536569
-0.34006277861253764 1.4691812955749395 -0.54812154451822082
3.4184313429299618 -1.9827788592916562 -1.6656840305315779
2.9199849194703198 1.7216976033131992 -2.7095591027625625
-1.0168929476332966 1.9850793545490575 1.4392842471337985
0.039856014608652401 -4.1471083535413733 2.1874934962848869
-0.064990200195680359 -2.4462676383536497 0.63754778824510328
0.83916774497660995 1.8321310043307726 -0.89989912127069749
0.22703643698562814 -2.9733496200314846 3.0684004408572108
2.0764867194600356 0.19514935742881434 1.7804679344175511
0.1271011284305068 -2.683737383430973 -0.29978172325462182
0.37877521329088282 -0.069592501359294623 -2.2118850022649905
1.3442749970715706 -0.8399507677548379 -1.892234636091894
-1.6637240985409862 1.8876449079365809 -0.30724642545010283
1.2563744052105363 -2.3319960145751217 -0.66628157914516706
-0.48428987032522741 2.0146283859669989 3.2488801724270822
-0.18755869829822913 -2.3070200501322802 -0.48142674010476227
0.078988633284371446 2.1264399798774924 0.31262543623811201
-0.61785297996141963 3.2245060276134829 1.642832841199926
-1.7829312189832081 0.20553498548281368 2.0228916063194102
0.94087094771921898 -2.091023631375144 -2.5586181517696094
0.34601146257617899 5.0036949504767003 -2.6284711232841262
3.8873883324184177 -2.3187140591731659 0.52219850988188821
-3.0848342539155915 -0.41040253495028267 -1.5689109148144809
1.8770718945306797 -1.3444334575014594 -2.0461148917170768
2.0489001228360948 4.9444187842664356 -0.62399843545435374
-0.67641542033525237 0.55599452394528015 -7.2200646236072199
-2.0597086261631148 0.26277996462376052 0.53422671795999577
-2.2322296078756132 -1.1223469289185495 0.39360847123770526
-0.23840958381438071 -0.68572884149142865 3.4067358052901895
-1.9399539109623554 0.45980700517844753 1.346856440874733
-0.35053416542066285 -1.3411808528785985 -1.3289349021379238
-2.1069528569187534 0.62118764263896509 -0.37635452204615172
-0.52447966815161173 -0.79447278842965929 2.3190172866813796
0.57965360778022834 -0.71947374976044642 2.6445317785658284
2.8249871400785054 0.4420730924614702 -1.5391782489775352
-1.411238486112687 0.084301404215114673 -0.48875136911119554
-1.8940345093132471 4.4672053772529807 -1.1218240754087283
-1.661704972567013 0.6786050226973428 -0.63661973576439879
3.5494740193826591 -0.99007465491451896 0.35217516967023244
1.1142334163767309 -0.075315741348225274 -1.7211484194925575
1.4549176792996166 1.3369479172712362 -1.7109699436399506
-0.96467563650914911 0.90931544612138371 0.47892966621243538
-0.089409889850899926 1.5530570447404024 -0.75186111317604443
1.8542561420020753 -0.24514659721620868 0.50894415420721373
2.9833993401990888 1.8702861061767884 -0.84274998284117331
2.1565781618200219 1.8584780701553782 2.3740779361294262
0.31989859895675821 -0.10839203669466002 -0.9848746769285377
-0.57087695560953389 1.8939241383554017 1.4162052590687146
0.27438688431025149 2.0211835928907185 1.8239768743311124
-0.90489814900251986 0.83476601302967524 2.1901064900931022
